
> Task :generateJte FAILED
./gradlew : Failed to generate templates.
위치 줄:1 문자:1
+ ./gradlew build -x test > compile.log 2>&1
+ ~~~~~~~~~~~~~~~~~~~~~~~~~~~~~~~~~~~~~~~~~~
    + CategoryInfo          : NotSpecified: (Failed to generate templates.:Stri 
   ng) [], RemoteException
    + FullyQualifiedErrorId : NativeCommandError
 
gg.jte.TemplateException: Failed to compile components/lead_form.jte, error at l
ine 214: Unclosed tag <form>, expected </form>, got </div>.
	at gg.jte.compiler.java.JavaCodeGenerator.onError(JavaCodeGenerator.java:228)
	at gg.jte.compiler.TemplateParser.interceptHtmlTags(TemplateParser.java:754)
	at gg.jte.compiler.TemplateParser.doParse(TemplateParser.java:340)
	at gg.jte.compiler.TemplateParser.parse(TemplateParser.java:85)
	at gg.jte.compiler.TemplateParser.parse(TemplateParser.java:80)
	at gg.jte.compiler.TemplateCompiler.generateTemplateCall(TemplateCompiler.java:
265)
	at gg.jte.compiler.TemplateCompiler.generate(TemplateCompiler.java:169)
	at gg.jte.compiler.TemplateCompiler.generateAll(TemplateCompiler.java:83)
	at gg.jte.TemplateEngine.generateAll(TemplateEngine.java:306)
	at gg.jte.gradle.GenerateJteWorker.execute(GenerateJteWorker.java:43)
	at org.gradle.workers.internal.DefaultWorkerServer.execute(DefaultWorkerServer.
java:63)
	at org.gradle.workers.internal.AbstractClassLoaderWorker$1.create(AbstractClass
LoaderWorker.java:54)
	at org.gradle.workers.internal.AbstractClassLoaderWorker$1.create(AbstractClass
LoaderWorker.java:48)
	at org.gradle.internal.classloader.ClassLoaderUtils.executeInClassloader(ClassL
oaderUtils.java:100)
	at org.gradle.workers.internal.AbstractClassLoaderWorker.executeInClassLoader(A
bstractClassLoaderWorker.java:48)
	at org.gradle.workers.internal.IsolatedClassloaderWorker.run(IsolatedClassloade
rWorker.java:49)
	at org.gradle.workers.internal.IsolatedClassloaderWorker.run(IsolatedClassloade
rWorker.java:30)
	at org.gradle.workers.internal.IsolatedClassloaderWorkerFactory$1.lambda$execut
e$0(IsolatedClassloaderWorkerFactory.java:60)
	at org.gradle.workers.internal.AbstractWorker$1.call(AbstractWorker.java:44)
	at org.gradle.workers.internal.AbstractWorker$1.call(AbstractWorker.java:41)
	at org.gradle.internal.operations.DefaultBuildOperationRunner$CallableBuildOper
ationWorker.execute(DefaultBuildOperationRunner.java:210)
	at org.gradle.internal.operations.DefaultBuildOperationRunner$CallableBuildOper
ationWorker.execute(DefaultBuildOperationRunner.java:205)
	at org.gradle.internal.operations.DefaultBuildOperationRunner$2.execute(Default
BuildOperationRunner.java:67)
	at org.gradle.internal.operations.DefaultBuildOperationRunner$2.execute(Default
BuildOperationRunner.java:60)
	at org.gradle.internal.operations.DefaultBuildOperationRunner.execute(DefaultBu
ildOperationRunner.java:167)
	at org.gradle.internal.operations.DefaultBuildOperationRunner.execute(DefaultBu
ildOperationRunner.java:60)
	at org.gradle.internal.operations.DefaultBuildOperationRunner.call(DefaultBuild
OperationRunner.java:54)
	at org.gradle.workers.internal.AbstractWorker.executeWrappedInBuildOperation(Ab
stractWorker.java:41)
	at org.gradle.workers.internal.IsolatedClassloaderWorkerFactory$1.execute(Isola
tedClassloaderWorkerFactory.java:52)
	at org.gradle.workers.internal.DefaultWorkerExecutor.lambda$submitWork$0(Defaul
tWorkerExecutor.java:174)
	at java.base@23/java.util.concurrent.FutureTask.run(FutureTask.java:317)
	at org.gradle.internal.work.DefaultConditionalExecutionQueue$ExecutionRunner.ru
nExecution(DefaultConditionalExecutionQueue.java:194)
	at org.gradle.internal.work.DefaultConditionalExecutionQueue$ExecutionRunner.ac
cess$700(DefaultConditionalExecutionQueue.java:127)
	at org.gradle.internal.work.DefaultConditionalExecutionQueue$ExecutionRunner$1.
run(DefaultConditionalExecutionQueue.java:169)
	at org.gradle.internal.Factories$1.create(Factories.java:31)
	at org.gradle.internal.work.DefaultWorkerLeaseService.withLocks(DefaultWorkerLe
aseService.java:263)
	at org.gradle.internal.work.DefaultWorkerLeaseService.runAsWorkerThread(Default
WorkerLeaseService.java:127)
	at org.gradle.internal.work.DefaultWorkerLeaseService.runAsWorkerThread(Default
WorkerLeaseService.java:132)
	at org.gradle.internal.work.DefaultConditionalExecutionQueue$ExecutionRunner.ru
nBatch(DefaultConditionalExecutionQueue.java:164)
	at org.gradle.internal.work.DefaultConditionalExecutionQueue$ExecutionRunner.ru
n(DefaultConditionalExecutionQueue.java:133)
	at java.base@23/java.util.concurrent.Executors$RunnableAdapter.call(Executors.j
ava:572)
	at java.base@23/java.util.concurrent.FutureTask.run(FutureTask.java:317)
	at org.gradle.internal.concurrent.ExecutorPolicy$CatchAndRecordFailures.onExecu
te(ExecutorPolicy.java:64)
	at org.gradle.internal.concurrent.AbstractManagedExecutor$1.run(AbstractManaged
Executor.java:48)
	at java.base@23/java.util.concurrent.ThreadPoolExecutor.runWorker(ThreadPoolExe
cutor.java:1144)
	at java.base@23/java.util.concurrent.ThreadPoolExecutor$Worker.run(ThreadPoolEx
ecutor.java:642)
	at java.base@23/java.lang.Thread.run(Thread.java:1575)

[Incubating] Problems report is available at: file:///C:/Development/Owner/radonVerdict/build/reports/problems/problems-report.html

FAILURE: Build failed with an exception.

* What went wrong:
Execution failed for task ':generateJte'.
> There was a failure while executing work items
   > A failure occurred while executing gg.jte.gradle.GenerateJteWorker
      > Failed to compile components/lead_form.jte, error at line 214: Unclosed 
tag <form>, expected </form>, got </div>.

* Try:

> Run with --stacktrace option to get the stack trace.
> Run with --info or --debug option to get more log output.
Deprecated Gradle features were used in this build, making it incompatible with Gradle 9.0.

You can use '--warning-mode all' to show the individual deprecation warnings and determine if they come from your own scripts or plugins.

For more on this, please refer to https://docs.gradle.org/8.14.4/userguide/command_line_interface.html#sec:command_line_warnings in the Gradle documentation.
1 actionable task: 1 executed
> Run with --scan to get full insights.
> Get more help at https://help.gradle.org.

BUILD FAILED in 2s
